[2026-06-18 16:42:57] [OK] dotTrace Performance Profiler started
[2026-06-18 16:42:57] [INFO] Target: PolarControl | Tool: C:\Users\jiajun.wu\Desktop\dottrace\JetBrains.dotTrace\dottrace.exe
[2026-06-18 16:43:07] [OK] dotTrace Performance Profiler started
[2026-06-18 16:43:07] [INFO] Target: PolarControl | Tool: C:\Users\jiajun.wu\Desktop\dottrace\JetBrains.dotTrace\dottrace.exe
[2026-06-18 16:43:56] [OK] Starting patrol: interval=180s, duration=15s
[2026-06-18 16:43:57] [OK] ========== 定时性能巡检 ==========
[2026-06-18 16:43:57] [INFO] 巡检间隔: 180s | 采集时长: 15s
[2026-06-18 16:43:57] [INFO] --- 第 1 轮巡检 ---
[2026-06-18 16:43:58] [INFO] 基线已建立: CPU=5.1% | 内存=1728MB | 句柄=5440
[2026-06-18 16:43:58] [OK] 开始采集: PID=5368, 类型=Sampling, 时长=15s, 标签=Patrol_R1_CPU5.1_Mem1728
[2026-06-18 16:44:19] [OK] 快照已保存: PolarControl_Patrol_R1_CPU5.1_Mem1728_Sampling_20260618_164358.dtp (0.02 MB)
[2026-06-18 16:47:19] [INFO] --- 第 2 轮巡检 ---
[2026-06-18 16:47:20] [OK] 开始采集: PID=5368, 类型=Sampling, 时长=15s, 标签=Patrol_R2_CPU7.4_Mem1865
[2026-06-18 16:47:40] [OK] 快照已保存: PolarControl_Patrol_R2_CPU7.4_Mem1865_Sampling_20260618_164720.dtp (0.02 MB)
[2026-06-18 16:50:40] [INFO] --- 第 3 轮巡检 ---
[2026-06-18 16:50:41] [WARN] 检测到异常: 内存增长=114MB, 句柄增长=1253, CPU=5.8%
[2026-06-18 16:50:41] [OK] 开始采集: PID=5368, 类型=Sampling, 时长=15s, 标签=Patrol_R3_CPU5.8_Mem1842_ANOMALY
[2026-06-18 16:51:01] [OK] 快照已保存: PolarControl_Patrol_R3_CPU5.8_Mem1842_ANOMALY_Sampling_20260618_165041.dtp (0.02 MB)
[2026-06-18 16:54:02] [INFO] --- 第 4 轮巡检 ---
[2026-06-18 16:54:03] [WARN] 检测到异常: 内存增长=86MB, 句柄增长=1596, CPU=0.5%
[2026-06-18 16:54:03] [OK] 开始采集: PID=5368, 类型=Sampling, 时长=15s, 标签=Patrol_R4_CPU0.5_Mem1814_ANOMALY
[2026-06-18 16:54:23] [OK] 快照已保存: PolarControl_Patrol_R4_CPU0.5_Mem1814_ANOMALY_Sampling_20260618_165403.dtp (0.02 MB)
[2026-06-18 16:57:23] [INFO] --- 第 5 轮巡检 ---
[2026-06-18 16:57:24] [WARN] 检测到异常: 内存增长=96MB, 句柄增长=2178, CPU=7.8%
[2026-06-18 16:57:24] [OK] 开始采集: PID=5368, 类型=Sampling, 时长=15s, 标签=Patrol_R5_CPU7.8_Mem1824_ANOMALY
[2026-06-18 16:57:44] [OK] 快照已保存: PolarControl_Patrol_R5_CPU7.8_Mem1824_ANOMALY_Sampling_20260618_165724.dtp (0.02 MB)
[2026-06-18 17:00:44] [INFO] --- 第 6 轮巡检 ---
[2026-06-18 17:00:45] [WARN] 检测到异常: 内存增长=234MB, 句柄增长=2448, CPU=4.8%
[2026-06-18 17:00:45] [OK] 开始采集: PID=5368, 类型=Sampling, 时长=15s, 标签=Patrol_R6_CPU4.8_Mem1962_ANOMALY
[2026-06-18 17:01:06] [OK] 快照已保存: PolarControl_Patrol_R6_CPU4.8_Mem1962_ANOMALY_Sampling_20260618_170045.dtp (0.02 MB)
[2026-06-18 17:01:30] [WARN] Patrol stopped
[2026-06-18 17:06:26] [OK] Starting patrol: interval=43200s, duration=15s
[2026-06-18 17:06:26] [OK] ========== 定时性能巡检 ==========
[2026-06-18 17:06:26] [INFO] 巡检间隔: 43200s | 采集时长: 15s
[2026-06-18 17:06:26] [INFO] --- 第 1 轮巡检 ---
[2026-06-18 17:06:28] [INFO] 基线已建立: CPU=7.3% | 内存=1905MB | 句柄=8367
[2026-06-18 17:06:28] [OK] 开始采集: PID=5368, 类型=Sampling, 时长=15s, 标签=Patrol_R1_CPU7.3_Mem1905
[2026-06-18 17:06:48] [OK] 快照已保存: PolarControl_Patrol_R1_CPU7.3_Mem1905_Sampling_20260618_170628.dtp (0.02 MB)
[2026-06-18 17:11:09] [WARN] Patrol stopped
[2026-06-18 17:15:18] [OK] Starting patrol: interval=43200s, duration=15s
[2026-06-18 17:15:19] [OK] ========== 定时性能巡检 ==========
[2026-06-18 17:15:19] [INFO] 巡检间隔: 43200s | 采集时长: 15s
[2026-06-18 17:15:19] [INFO] --- 第 1 轮巡检 ---
[2026-06-18 17:15:20] [INFO] 基线已建立: CPU=7.4% | 内存=1883MB | 句柄=8627
[2026-06-18 17:15:20] [OK] 开始采集: PID=5368, 类型=Sampling, 时长=15s, 标签=Patrol_R1_CPU7.4_Mem1883
[2026-06-18 17:15:40] [OK] 快照已保存: PolarControl_Patrol_R1_CPU7.4_Mem1883_Sampling_20260618_171520.dtp (0.02 MB)
