[2026-07-08 16:37:39] [OK] dotTrace Performance Profiler started
[2026-07-08 16:37:39] [INFO] Target: PolarControl | Tool: C:\Users\jiajun.wu\Desktop\dottrace\JetBrains.dotTrace\dottrace.exe
[2026-07-08 16:38:58] [OK] Settings saved (current session)
[2026-07-08 17:39:52] [OK] Starting patrol: interval=39600s, duration=15s
[2026-07-08 17:39:52] [OK] ========== 定时性能巡检 ==========
[2026-07-08 17:39:52] [INFO] 巡检间隔: 39600s | 采集时长: 15s
[2026-07-08 17:39:52] [INFO] --- 第 1 轮巡检 ---
[2026-07-08 17:39:52] [WARN] 目标进程未运行，跳过本轮
[2026-07-08 17:51:22] [OK] dotTrace Performance Profiler started
[2026-07-08 17:51:22] [INFO] Target: PolarControl | Tool: C:\Users\jiajun.wu\Desktop\dottrace\JetBrains.dotTrace\dottrace.exe
[2026-07-08 17:52:10] [OK] Settings saved to Config.ps1
[2026-07-08 17:52:19] [OK] Starting patrol: interval=1800s, duration=15s
[2026-07-08 17:52:20] [OK] ========== 定时性能巡检 ==========
[2026-07-08 17:52:20] [INFO] 巡检间隔: 1800s | 采集时长: 15s
[2026-07-08 17:52:20] [INFO] --- 第 1 轮巡检 ---
[2026-07-08 17:52:20] [INFO] 基线已建立: CPU=0% | 内存=154MB | 句柄=271
[2026-07-08 17:52:20] [OK] 开始采集: PID=21660, 类型=Sampling, 时长=15s, 标签=Patrol_R1_CPU0_Mem154
[2026-07-08 17:52:21] [ERROR] dotTrace 退出码: 1024, 输出: dotTrace command-line profiler 2026.1.2 build 777.0.20260519.64707. Copyright (C) 2026 JetBrains s.r.o.
dottrace.exe : Unable to find the process with the PID 21660: This might not be a .NET process; its runtime version doe
sn't support attaching, or administrative rights are required to attach to this process. If you intentionally want to a
ttach the profiler to a native process, note that it's possible only with the 'Timeline' profiling type and only on Win
dows.
所在位置 C:\Users\jiajun.wu\Desktop\dottrace\Scripts\Core.ps1:112 字符: 19
+         $output = & $tool @argList 2>&1
+                   ~~~~~~~~~~~~~~~~~~~~~
    + CategoryInfo          : NotSpecified: (Unable to find ...nly on Windows.:String) [], RemoteException
    + FullyQualifiedErrorId : NativeCommandError
 
Currently running processes:
5484 - IntelAudioService.exe - 44M - C:\Windows\System32\DriverStore\FileRepository\intcoed.inf_amd64_8e18542b6d21633d\
AS\IAS\IntelAudioService.exe
24992 - vIPconf.exe - 66M - C:\Program Files\Vector IP Config\vIPconf.exe
5532 - SenaryAudioApp.Svc.exe - 25M - C:\Windows\System32\DriverStore\FileRepository\audioservice.inf_amd64_e5d5a5563ab
bdeaf\SenaryAudioApp.Svc.exe
6044 - IntelGraphicsSoftware.Service.exe - 14M - C:\Program Files\WindowsApps\AppUp.IntelArcSoftware_26.18.2353.0_x64__
8j3eq9eme6ctt\VFS\ProgramFilesX64\Intel\Intel Graphics Software\IntelGraphicsSoftware.Service.exe
13440 - SenaryAudioApp.exe - 59M - C:\Program Files\WindowsApps\SenaryTechnologyLimited.SenarySmartAudio_2.45.28.0_x64_
_dqz7eftfn33jw\SenaryAudioApp.exe
18440 - powershell.exe - 214M - C:\Windows\System32\WindowsPowerShell\v1.0\powershell.exe
19484 - Quicker.exe - 729M - C:\Program Files\Quicker\Quicker.exe
27284 - powershell.exe - 66M - C:\Windows\System32\WindowsPowerShell\v1.0\powershell.exe
5516 - IpOverUsbSvc.exe - 10M - C:\Program Files (x86)\Common Files\Microsoft Shared\Phone Tools\CoreCon\11.0\bin\IpOve
rUsbSvc.exe
5420 - BLDHotKeyService.exe - 18M - C:\Program Files (x86)\斗战者控制台\BLDHotKeyService.exe
1560 - BLDFnHotkeyUtility.exe - 33M - C:\Program Files (x86)\斗战者控制台\BLDFnHotkeyUtility.exe
5648 - vHardwareService.exe - 28M - C:\Program Files (x86)\Vector Hardware Manager\VHS\vHardwareService.exe

[2026-07-08 17:52:21] [WARN] 已清理 19 个过期快照
[2026-07-08 17:52:26] [WARN] Patrol stopped
[2026-07-08 17:52:48] [OK] Starting patrol: interval=10000s, duration=15s
[2026-07-08 17:52:48] [OK] ========== 定时性能巡检 ==========
[2026-07-08 17:52:48] [INFO] 巡检间隔: 10000s | 采集时长: 15s
[2026-07-08 17:52:48] [INFO] --- 第 1 轮巡检 ---
[2026-07-08 17:52:48] [INFO] 基线已建立: CPU=0% | 内存=154MB | 句柄=271
[2026-07-08 17:52:48] [OK] 开始采集: PID=21660, 类型=Sampling, 时长=15s, 标签=Patrol_R1_CPU0_Mem154
[2026-07-08 17:52:49] [ERROR] dotTrace 退出码: 1024, 输出: dotTrace command-line profiler 2026.1.2 build 777.0.20260519.64707. Copyright (C) 2026 JetBrains s.r.o.
dottrace.exe : Unable to find the process with the PID 21660: This might not be a .NET process; its runtime version doe
sn't support attaching, or administrative rights are required to attach to this process. If you intentionally want to a
ttach the profiler to a native process, note that it's possible only with the 'Timeline' profiling type and only on Win
dows.
所在位置 C:\Users\jiajun.wu\Desktop\dottrace\Scripts\Core.ps1:112 字符: 19
+         $output = & $tool @argList 2>&1
+                   ~~~~~~~~~~~~~~~~~~~~~
    + CategoryInfo          : NotSpecified: (Unable to find ...nly on Windows.:String) [], RemoteException
    + FullyQualifiedErrorId : NativeCommandError
 
Currently running processes:
5484 - IntelAudioService.exe - 44M - C:\Windows\System32\DriverStore\FileRepository\intcoed.inf_amd64_8e18542b6d21633d\
AS\IAS\IntelAudioService.exe
24992 - vIPconf.exe - 66M - C:\Program Files\Vector IP Config\vIPconf.exe
5532 - SenaryAudioApp.Svc.exe - 25M - C:\Windows\System32\DriverStore\FileRepository\audioservice.inf_amd64_e5d5a5563ab
bdeaf\SenaryAudioApp.Svc.exe
6044 - IntelGraphicsSoftware.Service.exe - 14M - C:\Program Files\WindowsApps\AppUp.IntelArcSoftware_26.18.2353.0_x64__
8j3eq9eme6ctt\VFS\ProgramFilesX64\Intel\Intel Graphics Software\IntelGraphicsSoftware.Service.exe
13440 - SenaryAudioApp.exe - 59M - C:\Program Files\WindowsApps\SenaryTechnologyLimited.SenarySmartAudio_2.45.28.0_x64_
_dqz7eftfn33jw\SenaryAudioApp.exe
18440 - powershell.exe - 173M - C:\Windows\System32\WindowsPowerShell\v1.0\powershell.exe
19484 - Quicker.exe - 736M - C:\Program Files\Quicker\Quicker.exe
28552 - powershell.exe - 66M - C:\Windows\System32\WindowsPowerShell\v1.0\powershell.exe
5516 - IpOverUsbSvc.exe - 10M - C:\Program Files (x86)\Common Files\Microsoft Shared\Phone Tools\CoreCon\11.0\bin\IpOve
rUsbSvc.exe
5420 - BLDHotKeyService.exe - 18M - C:\Program Files (x86)\斗战者控制台\BLDHotKeyService.exe
1560 - BLDFnHotkeyUtility.exe - 33M - C:\Program Files (x86)\斗战者控制台\BLDFnHotkeyUtility.exe
5648 - vHardwareService.exe - 28M - C:\Program Files (x86)\Vector Hardware Manager\VHS\vHardwareService.exe

[2026-07-08 17:53:50] [WARN] Patrol stopped
[2026-07-08 18:02:16] [OK] Starting patrol: interval=39600s, duration=15s
[2026-07-08 18:02:16] [OK] ========== 定时性能巡检 ==========
[2026-07-08 18:02:16] [INFO] 巡检间隔: 39600s | 采集时长: 15s
[2026-07-08 18:02:16] [INFO] --- 第 1 轮巡检 ---
[2026-07-08 18:02:16] [INFO] 基线已建立: CPU=0% | 内存=154MB | 句柄=271
[2026-07-08 18:02:16] [OK] 开始采集: PID=21660, 类型=Sampling, 时长=15s, 标签=Patrol_R1_CPU0_Mem154
[2026-07-08 18:02:17] [ERROR] dotTrace 退出码: 1024, 输出: dotTrace command-line profiler 2026.1.2 build 777.0.20260519.64707. Copyright (C) 2026 JetBrains s.r.o.
dottrace.exe : Unable to find the process with the PID 21660: This might not be a .NET process; its runtime version doe
sn't support attaching, or administrative rights are required to attach to this process. If you intentionally want to a
ttach the profiler to a native process, note that it's possible only with the 'Timeline' profiling type and only on Win
dows.
所在位置 C:\Users\jiajun.wu\Desktop\dottrace\Scripts\Core.ps1:112 字符: 19
+         $output = & $tool @argList 2>&1
+                   ~~~~~~~~~~~~~~~~~~~~~
    + CategoryInfo          : NotSpecified: (Unable to find ...nly on Windows.:String) [], RemoteException
    + FullyQualifiedErrorId : NativeCommandError
 
Currently running processes:
5484 - IntelAudioService.exe - 44M - C:\Windows\System32\DriverStore\FileRepository\intcoed.inf_amd64_8e18542b6d21633d\
AS\IAS\IntelAudioService.exe
24992 - vIPconf.exe - 66M - C:\Program Files\Vector IP Config\vIPconf.exe
5532 - SenaryAudioApp.Svc.exe - 25M - C:\Windows\System32\DriverStore\FileRepository\audioservice.inf_amd64_e5d5a5563ab
bdeaf\SenaryAudioApp.Svc.exe
6044 - IntelGraphicsSoftware.Service.exe - 14M - C:\Program Files\WindowsApps\AppUp.IntelArcSoftware_26.18.2353.0_x64__
8j3eq9eme6ctt\VFS\ProgramFilesX64\Intel\Intel Graphics Software\IntelGraphicsSoftware.Service.exe
13440 - SenaryAudioApp.exe - 59M - C:\Program Files\WindowsApps\SenaryTechnologyLimited.SenarySmartAudio_2.45.28.0_x64_
_dqz7eftfn33jw\SenaryAudioApp.exe
18440 - powershell.exe - 174M - C:\Windows\System32\WindowsPowerShell\v1.0\powershell.exe
19484 - Quicker.exe - 827M - C:\Program Files\Quicker\Quicker.exe
15356 - powershell.exe - 62M - C:\Windows\System32\WindowsPowerShell\v1.0\powershell.exe
29072 - powershell.exe - 66M - C:\Windows\System32\WindowsPowerShell\v1.0\powershell.exe
5516 - IpOverUsbSvc.exe - 10M - C:\Program Files (x86)\Common Files\Microsoft Shared\Phone Tools\CoreCon\11.0\bin\IpOve
rUsbSvc.exe
5420 - BLDHotKeyService.exe - 18M - C:\Program Files (x86)\斗战者控制台\BLDHotKeyService.exe
1560 - BLDFnHotkeyUtility.exe - 33M - C:\Program Files (x86)\斗战者控制台\BLDFnHotkeyUtility.exe
5648 - vHardwareService.exe - 28M - C:\Program Files (x86)\Vector Hardware Manager\VHS\vHardwareService.exe

